(venv) genesys@genesys-MS-7B05:~/hamza/HR-GCN % source venv/bin/activate && \
  python dual_stream_quality.py \
    --train_npz data/uiprmd_official_gmm_train.npz \
    --test_npz  data/uiprmd_official_gmm_test.npz \
    --use_npz_scores \
    --split_mode random \
    --epochs 200 \
    --batch_size 16 \
    --save_model results/dual_random_best_001.pt \
    --save_csv   results/dual_random_results_001.csv \ 
    --save_per_ex_csv results/dual_random_per_ex_001.csv \ 
    --save_attention  results/dual_random_attention_001.png

Device: cuda:0
Loading data...
Random split: train=407501 val=50937 test=50939
Using quality_scores from NPZ directly
Train: range [0.000, 1.000]
Test:  range [0.000, 1.000]

NPZ quality_scores separation table:
  Exercise  Correct_mean  Incorrect_mean     Gap
  Ex01              0.941           0.907   0.034
  Ex02              0.902           0.712   0.190
  Ex03              0.934           0.794   0.141
  Ex04              0.959           0.883   0.076
  Ex05              0.980           0.916   0.064
  Ex06              0.934           0.879   0.055
  Ex07              0.949           0.892   0.056
  Ex08              0.920           0.837   0.083
  Ex09              0.868           0.782   0.086
  Ex10              0.973           0.922   0.051
Computing ROM-guided adjacency init...
ROM adjacency NaN count: 0 -> fixed to 0
Computing ROM normalization stats...
Building train windows...
  Speed augmentation: 3946/7855 windows (50%) | rotation: 7855/7855 (100%)
Building val windows...
Building test windows...
  Train windows: 15710
  Val   windows: 726
  Test  windows: 716

VC label distribution:
  Train: valid=7855  invalid=7855  ratio=0.50
  Val:   valid=726  invalid=0  ratio=1.00

Model parameters:
  SpatialGCN:      11,342
  TemporalGCN:    305,424
  ROMStream:      166,848
  FusionLayer:     33,152
  ExerciseHead:     8,906
  ValidityHead:     8,386
  QualityHead:      8,321
  TOTAL:          542,379

Training for 200 epochs...

Epoch 1 augmentation: 982/982 batches (100%)                                                        
Ep[  1] LR=1.00e-05 | L=1.7992 | QA=0.4021 EC=10% VC=50% | val_MAD=0.4053 val_EC=15% | 51.6s
Ep[  2] LR=2.00e-05 | L=1.3885 | QA=0.1113 EC=25% VC=52% | val_MAD=0.0713 val_EC=56% | 56.3s        
Ep[  3] LR=3.00e-05 | L=1.1380 | QA=0.0763 EC=63% VC=56% | val_MAD=0.0537 val_EC=86% | 53.8s        
Ep[ 10] LR=1.00e-04 | L=0.4062 | QA=0.0286 EC=99% VC=89% | val_MAD=0.0247 val_EC=100% | 57.3s       
Ep[ 20] LR=9.93e-05 | L=0.3387 | QA=0.0188 EC=100% VC=95% | val_MAD=0.0160 val_EC=99% | 56.0s       
Ep[ 30] LR=9.73e-05 | L=0.3156 | QA=0.0150 EC=100% VC=97% | val_MAD=0.0131 val_EC=100% | 56.2s      
Ep[ 40] LR=9.40e-05 | L=0.3031 | QA=0.0131 EC=100% VC=98% | val_MAD=0.0146 val_EC=98% | 48.3s       
Ep[ 50] LR=8.95e-05 | L=0.2969 | QA=0.0119 EC=100% VC=99% | val_MAD=0.0126 val_EC=98% | 55.2s       
Ep[ 60] LR=8.39e-05 | L=0.2925 | QA=0.0110 EC=100% VC=99% | val_MAD=0.0116 val_EC=98% | 46.3s       
Ep[ 70] LR=7.73e-05 | L=0.2888 | QA=0.0106 EC=100% VC=99% | val_MAD=0.0113 val_EC=98% | 55.6s       
Ep[ 80] LR=7.01e-05 | L=0.2863 | QA=0.0100 EC=100% VC=99% | val_MAD=0.0108 val_EC=99% | 43.4s       
Ep[ 90] LR=6.23e-05 | L=0.2843 | QA=0.0095 EC=100% VC=100% | val_MAD=0.0114 val_EC=98% | 58.5s      
Ep[100] LR=5.41e-05 | L=0.2841 | QA=0.0093 EC=100% VC=100% | val_MAD=0.0122 val_EC=96% | 56.6s      
Ep[110] LR=4.59e-05 | L=0.2831 | QA=0.0090 EC=100% VC=100% | val_MAD=0.0097 val_EC=98% | 56.2s      
Ep[120] LR=3.77e-05 | L=0.2817 | QA=0.0087 EC=100% VC=100% | val_MAD=0.0099 val_EC=99% | 53.0s      
Ep[130] LR=2.99e-05 | L=0.2802 | QA=0.0087 EC=100% VC=100% | val_MAD=0.0097 val_EC=99% | 55.4s      
Ep[140] LR=2.27e-05 | L=0.2802 | QA=0.0086 EC=100% VC=100% | val_MAD=0.0111 val_EC=97% | 55.6s      
Ep[150] LR=1.61e-05 | L=0.2790 | QA=0.0084 EC=100% VC=100% | val_MAD=0.0114 val_EC=95% | 56.4s      
Ep[160] LR=1.05e-05 | L=0.2791 | QA=0.0081 EC=100% VC=100% | val_MAD=0.0107 val_EC=96% | 58.3s      
Ep[170] LR=6.03e-06 | L=0.2790 | QA=0.0082 EC=100% VC=100% | val_MAD=0.0111 val_EC=95% | 54.9s      
Ep[180] LR=2.71e-06 | L=0.2791 | QA=0.0081 EC=100% VC=100% | val_MAD=0.0107 val_EC=98% | 54.2s      
Ep[190] LR=6.82e-07 | L=0.2791 | QA=0.0081 EC=100% VC=100% | val_MAD=0.0106 val_EC=97% | 54.2s      
Early stopping at epoch 194 (best val MAD=0.0088 at ep 154)                                         

Loading best checkpoint (epoch 154, val MAD=0.0088)...
/home/genesys/hamza/HR-GCN/dual_stream_quality.py:1112: FutureWarning: You are using `torch.load` with `weights_only=False` (the current default value), which uses the default pickle module implicitly. It is possible to construct malicious pickle data which will execute arbitrary code during unpickling (See https://github.com/pytorch/pytorch/blob/main/SECURITY.md#untrusted-models for more details). In a future release, the default value for `weights_only` will be flipped to `True`. This limits the functions that could be executed during unpickling. Arbitrary objects will no longer be allowed to be loaded via this mode unless they are explicitly allowlisted by the user via `torch.serialization.add_safe_globals`. We recommend you start setting `weights_only=True` for any use case where you don't have full control of the loaded file. Please open an issue on GitHub for any issues related to this experimental feature.
  ckpt = torch.load(args.save_model, map_location=device)

=== Dual-Stream Results (UI-PRMD Test Set) ===

Exercise Classification:
  Top-1 Accuracy: 98.88%

Validity Classifier:
  Accuracy: 99.58%

Quality Score Regression:
-----------------------------------------------------------------------------
Exercise        MAD   RMSE    MAPE  Paper MAD    Delta
-----------------------------------------------------------------------------
Ex01 (DS )   0.015  0.020  1.62%    0.006     +0.009
Ex02 (HS )   0.012  0.017  3.16%    0.008     +0.004
Ex03 (IL )   0.009  0.011  1.15%    0.009     +0.000
Ex04 (SL )   0.010  0.013  1.15%    0.006     +0.004
Ex05 (SS )   0.005  0.007  0.55%    0.003     +0.002
Ex06 (SLR)   0.014  0.017  1.52%    0.004     +0.010
Ex07 (SA )   0.007  0.013  0.83%    0.009     -0.002
Ex08 (SE )   0.006  0.010  0.81%    0.013     -0.007
Ex09 (SIR)   0.009  0.011  85215.50%    0.006     +0.003
Ex10 (SS2)   0.006  0.007  0.62%    0.028     -0.022
-----------------------------------------------------------------------------
AVERAGE      0.009  0.012  8522.69%    0.009     +0.000
-----------------------------------------------------------------------------

  STGCN-Seq (yours): 0.054 MAD
  Dual-Stream (ours): 0.009 MAD
  Improvement: 82.6%

  Per-exercise CSV: results/dual_random_per_ex_001.csv
  Summary CSV: results/dual_random_results_001.csv
  Attention plot: results/dual_random_attention_001.png

Done.
(venv) genesys@genesys-MS-7B05:~/hamza/HR-GCN % 
