Device: cuda:0
  Baseline: n_joints=12  hidden=128  λ_angle=0.0  λ_constraint=0.0  best_mae=4.5891°
  Novel: n_joints=12  hidden=128  λ_angle=0.1  λ_constraint=0.05  best_mae=4.2193°

==> Loading NPZ data...
  Train: 412,362 frames  (204,194 correct / 208,168 incorrect)
  Test : 97,015 frames  (49,475 correct / 47,540 incorrect)

==> [Paths A, B, C] Baseline backbone inference...
  Train frames...
  Loading: checkpoint_rehab_baseline_v8/ckpt_best_rehab.pth.tar
Dataset preparation is done!
Dataset preparation is done!
  Test frames...
  Loading: checkpoint_rehab_baseline_v8/ckpt_best_rehab.pth.tar
Dataset preparation is done!
Dataset preparation is done!
  Computing geometric ROM angles...
  Applying baseline angle head (Path C)...

==> [Path D] Novel (GCADA) backbone + angle head inference...
  Train frames...
  Loading: checkpoint_rehab_novel_v1/ckpt_best_rehab.pth.tar
Dataset preparation is done!
Dataset preparation is done!
  Test frames...
  Loading: checkpoint_rehab_novel_v1/ckpt_best_rehab.pth.tar
Dataset preparation is done!
Dataset preparation is done!

==> Identifying trials...
  Train: 158 trials  (79 correct)
  Test : 40 trials  (20 correct)

==> Building sliding windows (size=64, stride=16, min=32)...
  Train windows: 25,547  (12,653 correct / 12,894 incorrect)
  Test  windows: 6,003  (3,061 correct / 2,942 incorrect)

==> Computing ROM templates from correct training windows (Path E/F)...
  Saved ROM templates : results/rom_templates.json
  Exercise           CervPitch   Trunk   LHip   RHip   LKnee   RKnee
  Deep Squat              44.5    16.9   36.9   37.2    43.6    48.0
  Hurdle Step             45.0     7.5   15.4   31.3    19.6    43.3
  Inline Lunge            40.5     5.3   24.2   30.4    45.0    45.4
  Side Lunge              44.1    18.0   31.6   31.5    16.7    34.1
  Sit to Stand            42.7    14.8   41.5   40.7    45.0    48.2
  Str Leg Raise           40.6     8.6   11.3   31.5    13.5    14.9
  Sho Abduction           41.7     8.2   11.0    9.6     8.1    10.0
  Sho Extension           42.5     7.8    9.2    9.0     7.3    10.4
  Sho Int-Ext Rot         41.9     8.3   10.7    9.2     8.1    10.1
  Sho Scaption            41.8     8.4   10.4    9.1     7.9     9.9

  Computing deviations from templates...
  Path E shape: (25547, 64, 24)  (ROM 12 + dev 12 = 24-dim)
  Path F shape: (25547, 64, 93)  (KP 69 + ROM 12 + dev 12 = 93-dim)

==================================================================
Training LSTM classifiers (50 epochs each)
==================================================================

  [Path A — 3D Keypoints]  input_dim=69  train=25,547  test=6,003 windows
    epoch  10/50  loss=0.3855  elapsed=21.4s
    epoch  20/50  loss=0.2582  elapsed=42.7s
    epoch  30/50  loss=0.1091  elapsed=64.1s
    epoch  40/50  loss=0.0578  elapsed=85.5s
    epoch  50/50  loss=0.0446  elapsed=107.0s
    Acc=73.35%  F1=0.7213  AUC=0.7924

  [Path B — Geometric ROM]  input_dim=12  train=25,547  test=6,003 windows
    epoch  10/50  loss=0.4213  elapsed=19.3s
    epoch  20/50  loss=0.4422  elapsed=38.5s
    epoch  30/50  loss=0.3505  elapsed=57.7s
    epoch  40/50  loss=0.2574  elapsed=76.7s
    epoch  50/50  loss=0.1827  elapsed=95.8s
    Acc=61.59%  F1=0.5009  AUC=0.6894

  [Path C — Learned ROM (baseline, λ=0)]  input_dim=12  train=25,547  test=6,003 windows
    epoch  10/50  loss=0.4916  elapsed=19.1s
    epoch  20/50  loss=0.4055  elapsed=37.9s
    epoch  30/50  loss=0.3128  elapsed=57.0s
    epoch  40/50  loss=0.2798  elapsed=76.3s
    epoch  50/50  loss=0.3583  elapsed=95.3s
    Acc=66.37%  F1=0.6156  AUC=0.6997

  [Path D — GCADA ROM (novel, λ=0.1)]  input_dim=12  train=25,547  test=6,003 windows
    epoch  10/50  loss=0.5317  elapsed=19.2s
    epoch  20/50  loss=0.4425  elapsed=38.3s
    epoch  30/50  loss=0.3767  elapsed=57.5s
    epoch  40/50  loss=0.3214  elapsed=76.8s
    epoch  50/50  loss=0.2417  elapsed=95.9s
    Acc=60.70%  F1=0.4787  AUC=0.6877

  [Path E — +Deviation   (GCADA ROM 12 + dev 12 = 24-dim)]  input_dim=24  train=25,547  test=6,003 windows
    epoch  10/50  loss=0.4000  elapsed=19.6s
    epoch  20/50  loss=0.3254  elapsed=39.2s
    epoch  30/50  loss=0.3443  elapsed=58.7s
    epoch  40/50  loss=0.2213  elapsed=78.4s
    epoch  50/50  loss=0.1996  elapsed=98.4s
    Acc=62.45%  F1=0.4944  AUC=0.6994

  [Path F — Combined     (KP 69 + GCADA ROM 12 + dev 12 = 93-dim)]  input_dim=93  train=25,547  test=6,003 windows
    epoch  10/50  loss=0.1799  elapsed=22.6s
    epoch  20/50  loss=0.0730  elapsed=45.0s
    epoch  30/50  loss=0.0411  elapsed=67.5s
    epoch  40/50  loss=0.0373  elapsed=90.0s
    epoch  50/50  loss=0.0306  elapsed=112.4s
    Acc=73.05%  F1=0.6874  AUC=0.8177


--------------------------------------------------------------------
METRIC           3D KP     GEO  LEARNED   GCADA    +DEV  COMBINED
--------------------------------------------------------------------
Accuracy(%)      73.35   61.59    66.37   60.70   62.45     73.05
F1 Score        0.7213  0.5009   0.6156  0.4787  0.4944    0.6874
AUC             0.7924  0.6894   0.6997  0.6877  0.6994    0.8177
Input dims          69      12       12      12      24        93
--------------------------------------------------------------------

PER EXERCISE (Accuracy %):
----------------------------------------------------------------------------------
Exercise             3D KP     GEO  LEARNED   GCADA    +DEV  COMBINED  N_test
----------------------------------------------------------------------------------
Deep Squat           66.51   71.08    66.36   70.78   76.26     78.84     657
Hurdle Step          80.33   77.55    66.79   60.30   65.31     73.10     539
Inline Lunge         65.37   73.17    48.52   51.01   54.29     84.71     641
Side Lunge           59.39   62.88    45.30   48.48   43.64     48.48     660
Sit to Stand         78.18   66.67    68.94   71.08   71.22     84.74     747
Str Leg Raise        91.30   81.58    86.23   69.84   67.81     70.45     494
Sho Abduction        75.13   47.68    62.09   60.03   64.49     70.15     583
Sho Extension        73.84   50.00    76.36   73.84   65.89     61.63     516
Sho Int-Ext Rot      67.77   32.68    71.39   39.01   50.15     72.89     664
Sho Scaption         83.27   54.58    81.08   67.93   68.53     83.27     502
----------------------------------------------------------------------------------
AVERAGE              74.11   61.79    67.31   61.23   62.76     72.83    6003
----------------------------------------------------------------------------------

Saved summary  : results/quality_assessment_improved.csv
Saved per-ex   : results/quality_assessment_per_exercise_fixed.csv

====================================================================
Training command (retrain from scratch):
====================================================================

# Train Quality Assessment Module (6-way: A–F including template deviation)
python quality_assessment_comparison.py \
  --train \
  --baseline_checkpoint checkpoint_rehab_baseline_v8/ckpt_best_rehab.pth.tar \
  --novel_checkpoint    checkpoint_rehab_novel_v1/ckpt_best_rehab.pth.tar \
  --cfg w32_adam_lr1e-3.yaml \
  --data_train data/uiprmd_train.npz \
  --data_test  data/uiprmd_test.npz \
  --window_size 64 \
  --stride 16 \
  --min_window 32 \
  --epochs 50 \
  --save_dir results/quality_assessment/ \
  --save_csv results/quality_assessment_improved.csv \
  --save_per_ex results/quality_assessment_per_exercise_fixed.csv \
  --save_templates results/rom_templates.json

